[{"label":"test1","type":"task","nodes":[{"label":"<series>","type":"function","nodes":[{"label":"noop","type":"function","nodes":[]}]}]},{"label":"test2","type":"task","nodes":[{"label":"<series>","type":"function","nodes":[{"label":"test1","type":"task","nodes":[{"label":"<series>","type":"function","nodes":[{"label":"noop","type":"function","nodes":[]}]}]},{"label":"noop","type":"function","nodes":[]}]}]},{"label":"test3","type":"task","nodes":[{"label":"<series>","type":"function","nodes":[{"label":"described","type":"function","nodes":[]}]}]},{"label":"default","type":"task","nodes":[{"label":"<series>","type":"function","nodes":[{"label":"test1","type":"task","nodes":[{"label":"<series>","type":"function","nodes":[{"label":"noop","type":"function","nodes":[]}]}]},{"label":"test3","type":"task","nodes":[{"label":"<series>","type":"function","nodes":[{"label":"described","type":"function","nodes":[]}]}]},{"label":"noop","type":"function","nodes":[]}]}]}]